<!doctype html>
<html>
<head>
<meta charset="utf-8">
</head>
<body>
Always present text

Text for foo only

<!--grit-removed-lines:2-->
More text for everyone
</body>
</html>
